// Vitest Snapshot v1, https://vitest.dev/guide/snapshot.html

exports[`<SettingsPanel /> tests > should match snapshot 1`] = `
<body>
  <div />
</body>
`;
